mysql> create user 'prasa'@'localhost' identified by 'pra123';
Query OK, 0 rows affected (0.01 sec)

mysql> select * from student;
ERROR 1146 (42S02): Table 'studentt.student' doesn't exist
mysql> use studentt;
Database changed
mysql> select * from studentt;
+------+--------+----------+------------+---------+---------+-------+------+------------------------+-----------+
| id   | s_name | courseno | coursename | minmark | maxmark | total | avg  | noofstudentsregistered | assesment |
+------+--------+----------+------------+---------+---------+-------+------+------------------------+-----------+
|    1 | dp     | 10       | dbms       |      90 |      95 |    95 |   95 |                     10 |         4 |
|    2 | hee    | 20       | c          |      96 |      95 |     0 |    0 |                     20 |         4 |
|    3 | she    | 30       | c++        |      96 |      95 |     0 |    0 |                   NULL |         1 |
|    4 | hmm    | c4       | python     |       0 |       0 |     0 |    0 |                     30 |         5 |
+------+--------+----------+------------+---------+---------+-------+------+------------------------+-----------+
4 rows in set (0.00 sec)

mysql> grant all on studentt to 'prasa'@'localhost';
Query OK, 0 rows affected (0.01 sec)

mysql> show grants for 'prasa'@'localhost';
+--------------------------------------------------------------------------------------------------------------+
| Grants for prasa@localhost                                                                                   |
+--------------------------------------------------------------------------------------------------------------+
| GRANT USAGE ON *.* TO 'prasa'@'localhost' IDENTIFIED BY PASSWORD '*6ECF6E671055311390ADB3F6DC56B689EDCEE430' |
| GRANT ALL PRIVILEGES ON `studentt`.`studentt` TO 'prasa'@'localhost'                                         |
+--------------------------------------------------------------------------------------------------------------+
2 rows in set (0.00 sec)

mysql> revoke select on studentt from 'prasa'@'localhost';
Query OK, 0 rows affected (0.00 sec)

mysql> show grants for 'prasa'@'localhost';
+-------------------------------------------------------------------------------------------------------------------------------------------------------+
| Grants for prasa@localhost                                                                                                                            |
+-------------------------------------------------------------------------------------------------------------------------------------------------------+
| GRANT USAGE ON *.* TO 'prasa'@'localhost' IDENTIFIED BY PASSWORD '*6ECF6E671055311390ADB3F6DC56B689EDCEE430'                                          |
| GRANT INSERT, UPDATE, DELETE, CREATE, DROP, REFERENCES, INDEX, ALTER, CREATE VIEW, SHOW VIEW, TRIGGER ON `studentt`.`studentt` TO 'prasa'@'localhost' |
+-------------------------------------------------------------------------------------------------------------------------------------------------------+
2 rows in set (0.00 sec)

mysql> revoke insert on studentt from 'prasa'@'localhost';
Query OK, 0 rows affected (0.00 sec)

mysql> show grants for 'prasa'@'localhost';
+-----------------------------------------------------------------------------------------------------------------------------------------------+
| Grants for prasa@localhost                                                                                                                    |
+-----------------------------------------------------------------------------------------------------------------------------------------------+
| GRANT USAGE ON *.* TO 'prasa'@'localhost' IDENTIFIED BY PASSWORD '*6ECF6E671055311390ADB3F6DC56B689EDCEE430'                                  |
| GRANT UPDATE, DELETE, CREATE, DROP, REFERENCES, INDEX, ALTER, CREATE VIEW, SHOW VIEW, TRIGGER ON `studentt`.`studentt` TO 'prasa'@'localhost' |
+-----------------------------------------------------------------------------------------------------------------------------------------------+
2 rows in set (0.01 sec)